// Jest Snapshot v1, https://goo.gl/fbAQLP

exports[`Storyshots Components/ScreenReaderOnly Basic 1`] = `
Array [
  <p>
    There is some hidden text on this page. Try to find it with a screen reader
  </p>,
  <div
    className="psds-screenreader-only"
  />,
]
`;
