// Jest Snapshot v1, https://goo.gl/fbAQLP

exports[`Storyshots Components/Badge Appearances And Colors 1`] = `
<div
  style={
    Object {
      "display": "grid",
      "gap": "20px",
      "gridTemplateColumns": "1fr 1fr",
      "justifyItems": "left",
    }
  }
>
  <div
    data-css-akmt2m=""
  >
    default
     
    neutral
  </div>
  <div
    data-css-1imiq63=""
  >
    subtle
     
    neutral
  </div>
  <div
    data-css-6qp7yi=""
  >
    default
     
    green
  </div>
  <div
    data-css-akls3u=""
  >
    subtle
     
    green
  </div>
  <div
    data-css-1370srq=""
  >
    default
     
    yellow
  </div>
  <div
    data-css-1739nde=""
  >
    subtle
     
    yellow
  </div>
  <div
    data-css-dbjxnr=""
  >
    default
     
    red
  </div>
  <div
    data-css-1svdoaq=""
  >
    subtle
     
    red
  </div>
  <div
    data-css-i7yiwd=""
  >
    default
     
    blue
  </div>
  <div
    data-css-rl0hco=""
  >
    subtle
     
    blue
  </div>
</div>
`;
