// Jest Snapshot v1, https://goo.gl/fbAQLP

exports[`Storyshots NavItem horizontal 1`] = `
<div
  style={
    Object {
      "display": "grid",
      "gap": "32px",
      "gridTemplateColumns": "repeat(3, auto)",
      "justifyItems": "center",
    }
  }
>
  <span
    className={
      Object {
        "data-css-ruxays": "",
      }
    }
  >
    <div
      data-css-1ij5lym=""
    >
      <button
        data-css-11n5d38=""
      >
        <span
          className={
            Object {
              "data-css-50rv4t": "",
            }
          }
        >
          <span
            className={
              Object {
                "data-css-1c3u483": "",
              }
            }
          >
            Text only
          </span>
        </span>
      </button>
    </div>
    <div
      className={
        Object {
          "data-css-1pig4yn": "",
        }
      }
    />
  </span>
  <span
    className={
      Object {
        "data-css-ruxays": "",
      }
    }
  >
    <div
      data-css-1ij5lym=""
    >
      <button
        data-css-11n5d38=""
        icon={<HomeIcon />}
      >
        <span
          className={
            Object {
              "data-css-50rv4t": "",
            }
          }
        >
          <span
            data-css-1o9ctb7=""
          >
            <div
              data-css-7dab2f=""
            >
              <svg
                aria-label="home icon"
                role="img"
                viewBox="0 0 24 24"
              >
                <path
                  clipRule="evenodd"
                  d="M21 13.417l.989.988a.5.5 0 00.707 0l.707-.708a.5.5 0 000-.707L12.353 1.954a.5.5 0 00-.707 0L.61 12.99a.5.5 0 000 .707l.707.707a.5.5 0 00.707 0L3 13.428v7.573a1 1 0 001 1h5a1 1 0 001-1v-4a2 2 0 114 0v4a1 1 0 001 1h5a1 1 0 001-1v-7.584zM5 11.428l7-7 7 6.991v8.582h-3v-3a4 4 0 10-8 0v3H5v-8.573z"
                  fillRule="evenodd"
                />
              </svg>
            </div>
          </span>
          <span
            className={
              Object {
                "data-css-1c3u483": "",
              }
            }
          >
            With icon
          </span>
        </span>
      </button>
    </div>
    <div
      className={
        Object {
          "data-css-1pig4yn": "",
        }
      }
    />
  </span>
  <span
    className={
      Object {
        "data-css-ruxays": "",
      }
    }
  >
    <div
      data-css-1ij5lym=""
    >
      <button
        data-css-11n5d38=""
        icon={<HomeIcon />}
      >
        <span
          className={
            Object {
              "data-css-50rv4t": "",
            }
          }
        >
          <span
            data-css-1009u4g=""
          >
            <div
              data-css-7dab2f=""
            >
              <svg
                aria-label="home icon"
                role="img"
                viewBox="0 0 24 24"
              >
                <path
                  clipRule="evenodd"
                  d="M21 13.417l.989.988a.5.5 0 00.707 0l.707-.708a.5.5 0 000-.707L12.353 1.954a.5.5 0 00-.707 0L.61 12.99a.5.5 0 000 .707l.707.707a.5.5 0 00.707 0L3 13.428v7.573a1 1 0 001 1h5a1 1 0 001-1v-4a2 2 0 114 0v4a1 1 0 001 1h5a1 1 0 001-1v-7.584zM5 11.428l7-7 7 6.991v8.582h-3v-3a4 4 0 10-8 0v3H5v-8.573z"
                  fillRule="evenodd"
                />
              </svg>
            </div>
          </span>
        </span>
      </button>
    </div>
    <div
      className={
        Object {
          "data-css-1pig4yn": "",
        }
      }
    />
  </span>
  <span
    className={
      Object {
        "data-css-ruxays": "",
      }
    }
  >
    <div
      data-css-1ij5lym=""
    >
      <a
        data-css-11n5d38=""
        href="https://jaketrent.com"
        icon={<HomeIcon />}
      >
        <span
          className={
            Object {
              "data-css-50rv4t": "",
            }
          }
        >
          <span
            data-css-1o9ctb7=""
          >
            <div
              data-css-7dab2f=""
            >
              <svg
                aria-label="home icon"
                role="img"
                viewBox="0 0 24 24"
              >
                <path
                  clipRule="evenodd"
                  d="M21 13.417l.989.988a.5.5 0 00.707 0l.707-.708a.5.5 0 000-.707L12.353 1.954a.5.5 0 00-.707 0L.61 12.99a.5.5 0 000 .707l.707.707a.5.5 0 00.707 0L3 13.428v7.573a1 1 0 001 1h5a1 1 0 001-1v-4a2 2 0 114 0v4a1 1 0 001 1h5a1 1 0 001-1v-7.584zM5 11.428l7-7 7 6.991v8.582h-3v-3a4 4 0 10-8 0v3H5v-8.573z"
                  fillRule="evenodd"
                />
              </svg>
            </div>
          </span>
          <span
            className={
              Object {
                "data-css-1c3u483": "",
              }
            }
          >
            Link to web
          </span>
        </span>
      </a>
    </div>
    <div
      className={
        Object {
          "data-css-1pig4yn": "",
        }
      }
    />
  </span>
  <span
    className={
      Object {
        "data-css-ruxays": "",
      }
    }
  >
    <div
      data-css-1ij5lym=""
    >
      <button
        data-css-11n5d38=""
        icon={<HomeIcon />}
      >
        <span
          className={
            Object {
              "data-css-5vea0s": "",
            }
          }
        >
          <span
            data-css-1o9ctb7=""
          >
            <div
              data-css-7dab2f=""
            >
              <svg
                aria-label="home icon"
                role="img"
                viewBox="0 0 24 24"
              >
                <path
                  clipRule="evenodd"
                  d="M21 13.417l.989.988a.5.5 0 00.707 0l.707-.708a.5.5 0 000-.707L12.353 1.954a.5.5 0 00-.707 0L.61 12.99a.5.5 0 000 .707l.707.707a.5.5 0 00.707 0L3 13.428v7.573a1 1 0 001 1h5a1 1 0 001-1v-4a2 2 0 114 0v4a1 1 0 001 1h5a1 1 0 001-1v-7.584zM5 11.428l7-7 7 6.991v8.582h-3v-3a4 4 0 10-8 0v3H5v-8.573z"
                  fillRule="evenodd"
                />
              </svg>
            </div>
          </span>
          <span
            className={
              Object {
                "data-css-1c3u483": "",
              }
            }
          >
            With menu
          </span>
          <span
            className={
              Object {
                "data-css-1cbyl54": "",
              }
            }
          >
            <div
              data-css-1gzzcm2=""
            >
              <svg
                aria-label="caret down icon"
                role="img"
                viewBox="0 0 24 24"
              >
                <path
                  d="M12 15.41l-5-5L8.41 9 12 12.58 15.59 9 17 10.41"
                />
              </svg>
            </div>
          </span>
        </span>
      </button>
    </div>
    <div
      className={
        Object {
          "data-css-1pig4yn": "",
        }
      }
    />
  </span>
  <span
    className={
      Object {
        "data-css-ruxays": "",
      }
    }
  >
    <div
      data-css-1ij5lym=""
    >
      <button
        data-css-15wi3dl=""
        icon={<HomeIcon />}
      >
        <span
          className={
            Object {
              "data-css-50rv4t": "",
            }
          }
        >
          <span
            data-css-1o9ctb7=""
          >
            <div
              data-css-7dab2f=""
            >
              <svg
                aria-label="home icon"
                role="img"
                viewBox="0 0 24 24"
              >
                <path
                  clipRule="evenodd"
                  d="M21 13.417l.989.988a.5.5 0 00.707 0l.707-.708a.5.5 0 000-.707L12.353 1.954a.5.5 0 00-.707 0L.61 12.99a.5.5 0 000 .707l.707.707a.5.5 0 00.707 0L3 13.428v7.573a1 1 0 001 1h5a1 1 0 001-1v-4a2 2 0 114 0v4a1 1 0 001 1h5a1 1 0 001-1v-7.584zM5 11.428l7-7 7 6.991v8.582h-3v-3a4 4 0 10-8 0v3H5v-8.573z"
                  fillRule="evenodd"
                />
              </svg>
            </div>
          </span>
          <span
            className={
              Object {
                "data-css-1c3u483": "",
              }
            }
          >
            Selected
          </span>
        </span>
      </button>
    </div>
    <div
      className={
        Object {
          "data-css-1qafynz": "",
        }
      }
    />
  </span>
  <span
    className={
      Object {
        "data-css-ruxays": "",
      }
    }
  >
    <div
      data-css-1ij5lym=""
    >
      <button
        data-css-15wi3dl=""
        icon={<HomeIcon />}
      >
        <span
          className={
            Object {
              "data-css-50rv4t": "",
            }
          }
        >
          <span
            data-css-1o9ctb7=""
          >
            <div
              data-css-7dab2f=""
            >
              <svg
                aria-label="home icon"
                role="img"
                viewBox="0 0 24 24"
              >
                <path
                  clipRule="evenodd"
                  d="M21 13.417l.989.988a.5.5 0 00.707 0l.707-.708a.5.5 0 000-.707L12.353 1.954a.5.5 0 00-.707 0L.61 12.99a.5.5 0 000 .707l.707.707a.5.5 0 00.707 0L3 13.428v7.573a1 1 0 001 1h5a1 1 0 001-1v-4a2 2 0 114 0v4a1 1 0 001 1h5a1 1 0 001-1v-7.584zM5 11.428l7-7 7 6.991v8.582h-3v-3a4 4 0 10-8 0v3H5v-8.573z"
                  fillRule="evenodd"
                />
              </svg>
            </div>
          </span>
          <span
            className={
              Object {
                "data-css-1c3u483": "",
              }
            }
          >
            Skills Selected
          </span>
        </span>
      </button>
    </div>
    <div
      className={
        Object {
          "data-css-1qzypeb": "",
        }
      }
    />
  </span>
  <span
    className={
      Object {
        "data-css-ruxays": "",
      }
    }
  >
    <div
      data-css-1ij5lym=""
    >
      <button
        data-css-15wi3dl=""
        icon={<HomeIcon />}
      >
        <span
          className={
            Object {
              "data-css-50rv4t": "",
            }
          }
        >
          <span
            data-css-1o9ctb7=""
          >
            <div
              data-css-7dab2f=""
            >
              <svg
                aria-label="home icon"
                role="img"
                viewBox="0 0 24 24"
              >
                <path
                  clipRule="evenodd"
                  d="M21 13.417l.989.988a.5.5 0 00.707 0l.707-.708a.5.5 0 000-.707L12.353 1.954a.5.5 0 00-.707 0L.61 12.99a.5.5 0 000 .707l.707.707a.5.5 0 00.707 0L3 13.428v7.573a1 1 0 001 1h5a1 1 0 001-1v-4a2 2 0 114 0v4a1 1 0 001 1h5a1 1 0 001-1v-7.584zM5 11.428l7-7 7 6.991v8.582h-3v-3a4 4 0 10-8 0v3H5v-8.573z"
                  fillRule="evenodd"
                />
              </svg>
            </div>
          </span>
          <span
            className={
              Object {
                "data-css-1c3u483": "",
              }
            }
          >
            Flow Selected
          </span>
        </span>
      </button>
    </div>
    <div
      className={
        Object {
          "data-css-vihy3f": "",
        }
      }
    />
  </span>
  <span
    className={
      Object {
        "data-css-ruxays": "",
      }
    }
  >
    <div
      data-css-1ij5lym=""
    >
      <button
        data-css-11n5d38=""
        icon={<HomeIcon />}
      >
        <span
          className={
            Object {
              "data-css-50rv4t": "",
            }
          }
        >
          <span
            data-css-1o9ctb7=""
          >
            <div
              data-css-7dab2f=""
            >
              <svg
                aria-label="home icon"
                role="img"
                viewBox="0 0 24 24"
              >
                <path
                  clipRule="evenodd"
                  d="M21 13.417l.989.988a.5.5 0 00.707 0l.707-.708a.5.5 0 000-.707L12.353 1.954a.5.5 0 00-.707 0L.61 12.99a.5.5 0 000 .707l.707.707a.5.5 0 00.707 0L3 13.428v7.573a1 1 0 001 1h5a1 1 0 001-1v-4a2 2 0 114 0v4a1 1 0 001 1h5a1 1 0 001-1v-7.584zM5 11.428l7-7 7 6.991v8.582h-3v-3a4 4 0 10-8 0v3H5v-8.573z"
                  fillRule="evenodd"
                />
              </svg>
            </div>
          </span>
          <span
            className={
              Object {
                "data-css-1c3u483": "",
              }
            }
          >
            Flow
          </span>
        </span>
      </button>
    </div>
    <div
      className={
        Object {
          "data-css-1pig4yn": "",
        }
      }
    />
  </span>
</div>
`;

exports[`Storyshots NavItem vertical 1`] = `
<div
  style={
    Object {
      "display": "grid",
      "gap": "32px",
      "gridTemplateColumns": "repeat(3, auto)",
      "justifyItems": "center",
    }
  }
>
  <span
    className={
      Object {
        "data-css-1ccmf7q": "",
      }
    }
  >
    <div
      data-css-1ij5lym=""
    >
      <button
        data-css-11n5d38=""
        icon={<HomeIcon />}
      >
        <span
          className={
            Object {
              "data-css-ie8n0y": "",
            }
          }
        >
          <span
            className={
              Object {
                "data-css-1nd5vjz": "",
              }
            }
          >
            <div
              data-css-7dab2f=""
            >
              <svg
                aria-label="home icon"
                role="img"
                viewBox="0 0 24 24"
              >
                <path
                  clipRule="evenodd"
                  d="M21 13.417l.989.988a.5.5 0 00.707 0l.707-.708a.5.5 0 000-.707L12.353 1.954a.5.5 0 00-.707 0L.61 12.99a.5.5 0 000 .707l.707.707a.5.5 0 00.707 0L3 13.428v7.573a1 1 0 001 1h5a1 1 0 001-1v-4a2 2 0 114 0v4a1 1 0 001 1h5a1 1 0 001-1v-7.584zM5 11.428l7-7 7 6.991v8.582h-3v-3a4 4 0 10-8 0v3H5v-8.573z"
                  fillRule="evenodd"
                />
              </svg>
            </div>
          </span>
          <span
            className={
              Object {
                "data-css-1442w2z": "",
              }
            }
          >
            With icon
          </span>
        </span>
      </button>
    </div>
    <div
      className={
        Object {
          "data-css-14bdu2c": "",
        }
      }
    />
  </span>
  <span
    className={
      Object {
        "data-css-1ccmf7q": "",
      }
    }
  >
    <div
      data-css-1ij5lym=""
    >
      <a
        data-css-11n5d38=""
        href="https://jaketrent.com"
        icon={<HomeIcon />}
      >
        <span
          className={
            Object {
              "data-css-ie8n0y": "",
            }
          }
        >
          <span
            className={
              Object {
                "data-css-1nd5vjz": "",
              }
            }
          >
            <div
              data-css-7dab2f=""
            >
              <svg
                aria-label="home icon"
                role="img"
                viewBox="0 0 24 24"
              >
                <path
                  clipRule="evenodd"
                  d="M21 13.417l.989.988a.5.5 0 00.707 0l.707-.708a.5.5 0 000-.707L12.353 1.954a.5.5 0 00-.707 0L.61 12.99a.5.5 0 000 .707l.707.707a.5.5 0 00.707 0L3 13.428v7.573a1 1 0 001 1h5a1 1 0 001-1v-4a2 2 0 114 0v4a1 1 0 001 1h5a1 1 0 001-1v-7.584zM5 11.428l7-7 7 6.991v8.582h-3v-3a4 4 0 10-8 0v3H5v-8.573z"
                  fillRule="evenodd"
                />
              </svg>
            </div>
          </span>
          <span
            className={
              Object {
                "data-css-1442w2z": "",
              }
            }
          >
            Link to web
          </span>
        </span>
      </a>
    </div>
    <div
      className={
        Object {
          "data-css-14bdu2c": "",
        }
      }
    />
  </span>
  <span
    className={
      Object {
        "data-css-1ccmf7q": "",
      }
    }
  >
    <div
      data-css-1ij5lym=""
    >
      <button
        data-css-11n5d38=""
        icon={<HomeIcon />}
      >
        <span
          className={
            Object {
              "data-css-ie8n0y": "",
            }
          }
        >
          <span
            className={
              Object {
                "data-css-1nd5vjz": "",
              }
            }
          >
            <div
              data-css-7dab2f=""
            >
              <svg
                aria-label="home icon"
                role="img"
                viewBox="0 0 24 24"
              >
                <path
                  clipRule="evenodd"
                  d="M21 13.417l.989.988a.5.5 0 00.707 0l.707-.708a.5.5 0 000-.707L12.353 1.954a.5.5 0 00-.707 0L.61 12.99a.5.5 0 000 .707l.707.707a.5.5 0 00.707 0L3 13.428v7.573a1 1 0 001 1h5a1 1 0 001-1v-4a2 2 0 114 0v4a1 1 0 001 1h5a1 1 0 001-1v-7.584zM5 11.428l7-7 7 6.991v8.582h-3v-3a4 4 0 10-8 0v3H5v-8.573z"
                  fillRule="evenodd"
                />
              </svg>
            </div>
          </span>
          <span
            className={
              Object {
                "data-css-1442w2z": "",
              }
            }
          >
            With menu
          </span>
          <span
            className={
              Object {
                "data-css-mz08e": "",
              }
            }
          >
            <div
              data-css-1gzzcm2=""
            >
              <svg
                aria-label="caret down icon"
                role="img"
                viewBox="0 0 24 24"
              >
                <path
                  d="M12 15.41l-5-5L8.41 9 12 12.58 15.59 9 17 10.41"
                />
              </svg>
            </div>
          </span>
        </span>
      </button>
    </div>
    <div
      className={
        Object {
          "data-css-14bdu2c": "",
        }
      }
    />
  </span>
  <span
    className={
      Object {
        "data-css-1ccmf7q": "",
      }
    }
  >
    <div
      data-css-1ij5lym=""
    >
      <button
        data-css-15wi3dl=""
        icon={<HomeIcon />}
      >
        <span
          className={
            Object {
              "data-css-ie8n0y": "",
            }
          }
        >
          <span
            className={
              Object {
                "data-css-1nd5vjz": "",
              }
            }
          >
            <div
              data-css-7dab2f=""
            >
              <svg
                aria-label="home icon"
                role="img"
                viewBox="0 0 24 24"
              >
                <path
                  clipRule="evenodd"
                  d="M21 13.417l.989.988a.5.5 0 00.707 0l.707-.708a.5.5 0 000-.707L12.353 1.954a.5.5 0 00-.707 0L.61 12.99a.5.5 0 000 .707l.707.707a.5.5 0 00.707 0L3 13.428v7.573a1 1 0 001 1h5a1 1 0 001-1v-4a2 2 0 114 0v4a1 1 0 001 1h5a1 1 0 001-1v-7.584zM5 11.428l7-7 7 6.991v8.582h-3v-3a4 4 0 10-8 0v3H5v-8.573z"
                  fillRule="evenodd"
                />
              </svg>
            </div>
          </span>
          <span
            className={
              Object {
                "data-css-1442w2z": "",
              }
            }
          >
            Selected
          </span>
        </span>
      </button>
    </div>
    <div
      className={
        Object {
          "data-css-pdnvm8": "",
        }
      }
    />
  </span>
  <span
    className={
      Object {
        "data-css-1ccmf7q": "",
      }
    }
  >
    <div
      data-css-1ij5lym=""
    >
      <button
        data-css-15wi3dl=""
        icon={<HomeIcon />}
      >
        <span
          className={
            Object {
              "data-css-ie8n0y": "",
            }
          }
        >
          <span
            className={
              Object {
                "data-css-1nd5vjz": "",
              }
            }
          >
            <div
              data-css-7dab2f=""
            >
              <svg
                aria-label="home icon"
                role="img"
                viewBox="0 0 24 24"
              >
                <path
                  clipRule="evenodd"
                  d="M21 13.417l.989.988a.5.5 0 00.707 0l.707-.708a.5.5 0 000-.707L12.353 1.954a.5.5 0 00-.707 0L.61 12.99a.5.5 0 000 .707l.707.707a.5.5 0 00.707 0L3 13.428v7.573a1 1 0 001 1h5a1 1 0 001-1v-4a2 2 0 114 0v4a1 1 0 001 1h5a1 1 0 001-1v-7.584zM5 11.428l7-7 7 6.991v8.582h-3v-3a4 4 0 10-8 0v3H5v-8.573z"
                  fillRule="evenodd"
                />
              </svg>
            </div>
          </span>
          <span
            className={
              Object {
                "data-css-1442w2z": "",
              }
            }
          >
            Skills Selected
          </span>
        </span>
      </button>
    </div>
    <div
      className={
        Object {
          "data-css-1apcnd2": "",
        }
      }
    />
  </span>
  <span
    className={
      Object {
        "data-css-1ccmf7q": "",
      }
    }
  >
    <div
      data-css-1ij5lym=""
    >
      <button
        data-css-15wi3dl=""
        icon={<HomeIcon />}
      >
        <span
          className={
            Object {
              "data-css-ie8n0y": "",
            }
          }
        >
          <span
            className={
              Object {
                "data-css-1nd5vjz": "",
              }
            }
          >
            <div
              data-css-7dab2f=""
            >
              <svg
                aria-label="home icon"
                role="img"
                viewBox="0 0 24 24"
              >
                <path
                  clipRule="evenodd"
                  d="M21 13.417l.989.988a.5.5 0 00.707 0l.707-.708a.5.5 0 000-.707L12.353 1.954a.5.5 0 00-.707 0L.61 12.99a.5.5 0 000 .707l.707.707a.5.5 0 00.707 0L3 13.428v7.573a1 1 0 001 1h5a1 1 0 001-1v-4a2 2 0 114 0v4a1 1 0 001 1h5a1 1 0 001-1v-7.584zM5 11.428l7-7 7 6.991v8.582h-3v-3a4 4 0 10-8 0v3H5v-8.573z"
                  fillRule="evenodd"
                />
              </svg>
            </div>
          </span>
          <span
            className={
              Object {
                "data-css-1442w2z": "",
              }
            }
          >
            Flow Selected
          </span>
        </span>
      </button>
    </div>
    <div
      className={
        Object {
          "data-css-w3vs0f": "",
        }
      }
    />
  </span>
  <span
    className={
      Object {
        "data-css-1ccmf7q": "",
      }
    }
  >
    <div
      data-css-1ij5lym=""
    >
      <button
        data-css-11n5d38=""
        icon={<HomeIcon />}
      >
        <span
          className={
            Object {
              "data-css-ie8n0y": "",
            }
          }
        >
          <span
            className={
              Object {
                "data-css-1nd5vjz": "",
              }
            }
          >
            <div
              data-css-7dab2f=""
            >
              <svg
                aria-label="home icon"
                role="img"
                viewBox="0 0 24 24"
              >
                <path
                  clipRule="evenodd"
                  d="M21 13.417l.989.988a.5.5 0 00.707 0l.707-.708a.5.5 0 000-.707L12.353 1.954a.5.5 0 00-.707 0L.61 12.99a.5.5 0 000 .707l.707.707a.5.5 0 00.707 0L3 13.428v7.573a1 1 0 001 1h5a1 1 0 001-1v-4a2 2 0 114 0v4a1 1 0 001 1h5a1 1 0 001-1v-7.584zM5 11.428l7-7 7 6.991v8.582h-3v-3a4 4 0 10-8 0v3H5v-8.573z"
                  fillRule="evenodd"
                />
              </svg>
            </div>
          </span>
          <span
            className={
              Object {
                "data-css-1442w2z": "",
              }
            }
          >
            Flow
          </span>
        </span>
      </button>
    </div>
    <div
      className={
        Object {
          "data-css-14bdu2c": "",
        }
      }
    />
  </span>
</div>
`;
