// Jest Snapshot v1, https://goo.gl/fbAQLP

exports[`Storyshots Radio controlled 1`] = `
<div
  style={
    Object {
      "padding": "24px",
    }
  }
>
  <div>
    <div
      style={
        Object {
          "color": "rgba(255, 255, 255, 0.95)",
        }
      }
    >
      Selected: 
      red
      <br />
      <button
        onClick={[Function]}
      >
        blue
      </button>
    </div>
    <div
      data-css-1a26704=""
      role="radiogroup"
    >
      <div
        data-css-xp79s5=""
      >
        <label
          data-css-kn3wr0=""
        >
          <div
            data-css-1lxv0yd=""
          >
            <div
              data-css-1lu7sfl=""
              data-css-iwspcj=""
            >
              <div
                aria-checked={true}
                data-css-1olif27=""
                role="radio"
                tabIndex="-1"
              >
                <div
                  data-css-ppl1jg=""
                />
              </div>
            </div>
          </div>
          <input
            data-css-fplhjw=""
            name="controlled"
            onBlur={[Function]}
            onClick={[Function]}
            onFocus={[Function]}
            readOnly={true}
            type="radio"
            value="red"
          />
          <div
            data-css-nrxvu5=""
          >
            Red
          </div>
        </label>
        <label
          data-css-kn3wr0=""
        >
          <div
            data-css-1lxv0yd=""
          >
            <div
              data-css-1lu7sfl=""
              data-css-iwspcj=""
            >
              <div
                aria-checked={false}
                data-css-1wbxh41=""
                role="radio"
                tabIndex="-1"
              />
            </div>
          </div>
          <input
            data-css-fplhjw=""
            name="controlled"
            onBlur={[Function]}
            onClick={[Function]}
            onFocus={[Function]}
            readOnly={true}
            type="radio"
            value="green"
          />
          <div
            data-css-nrxvu5=""
          >
            Green
          </div>
        </label>
        <label
          data-css-kn3wr0=""
        >
          <div
            data-css-1lxv0yd=""
          >
            <div
              data-css-1lu7sfl=""
              data-css-iwspcj=""
            >
              <div
                aria-checked={false}
                data-css-1wbxh41=""
                role="radio"
                tabIndex="-1"
              />
            </div>
          </div>
          <input
            data-css-fplhjw=""
            name="controlled"
            onBlur={[Function]}
            onClick={[Function]}
            onFocus={[Function]}
            readOnly={true}
            type="radio"
            value="blue"
          />
          <div
            data-css-nrxvu5=""
          >
            Blue
          </div>
        </label>
      </div>
    </div>
  </div>
</div>
`;

exports[`Storyshots Radio default 1`] = `
<div
  style={
    Object {
      "padding": "24px",
    }
  }
>
  <div
    data-css-1a26704=""
    role="radiogroup"
  >
    <div
      data-css-xp79s5=""
    >
      <label
        data-css-kn3wr0=""
      >
        <div
          data-css-1lxv0yd=""
        >
          <div
            data-css-1lu7sfl=""
            data-css-iwspcj=""
          >
            <div
              aria-checked={false}
              data-css-1wbxh41=""
              role="radio"
              tabIndex="-1"
            />
          </div>
        </div>
        <input
          data-css-fplhjw=""
          name="default"
          onBlur={[Function]}
          onClick={[Function]}
          onFocus={[Function]}
          readOnly={true}
          type="radio"
          value="red"
        />
        <div
          data-css-nrxvu5=""
        >
          Red
        </div>
      </label>
      <label
        data-css-kn3wr0=""
      >
        <div
          data-css-1lxv0yd=""
        >
          <div
            data-css-1lu7sfl=""
            data-css-iwspcj=""
          >
            <div
              aria-checked={false}
              data-css-1wbxh41=""
              role="radio"
              tabIndex="-1"
            />
          </div>
        </div>
        <input
          data-css-fplhjw=""
          name="default"
          onBlur={[Function]}
          onClick={[Function]}
          onFocus={[Function]}
          readOnly={true}
          type="radio"
          value="green"
        />
        <div
          data-css-nrxvu5=""
        >
          Green
        </div>
      </label>
      <label
        data-css-kn3wr0=""
      >
        <div
          data-css-1lxv0yd=""
        >
          <div
            data-css-1lu7sfl=""
            data-css-iwspcj=""
          >
            <div
              aria-checked={false}
              data-css-1wbxh41=""
              role="radio"
              tabIndex="-1"
            />
          </div>
        </div>
        <input
          data-css-fplhjw=""
          name="default"
          onBlur={[Function]}
          onClick={[Function]}
          onFocus={[Function]}
          readOnly={true}
          type="radio"
          value="blue"
        />
        <div
          data-css-nrxvu5=""
        >
          Blue
        </div>
      </label>
    </div>
  </div>
</div>
`;

exports[`Storyshots Radio disabled & error 1`] = `
<div
  style={
    Object {
      "padding": "24px",
    }
  }
>
  <div
    data-css-sz0dtt=""
    role="radiogroup"
  >
    <div
      data-css-xp79s5=""
    >
      <label
        data-css-kn3wr0=""
      >
        <div
          data-css-1lxv0yd=""
        >
          <div
            data-css-iwspcj=""
            data-css-j6capy=""
          >
            <div
              aria-checked={false}
              data-css-1wbxh41=""
              role="radio"
              tabIndex="-1"
            />
          </div>
        </div>
        <input
          data-css-fplhjw=""
          name="disabled & error"
          onBlur={[Function]}
          onClick={null}
          onFocus={[Function]}
          readOnly={true}
          type="radio"
          value="red"
        />
        <div
          data-css-nrxvu5=""
        >
          Red
        </div>
      </label>
      <label
        data-css-kn3wr0=""
      >
        <div
          data-css-1lxv0yd=""
        >
          <div
            data-css-iwspcj=""
            data-css-j6capy=""
          >
            <div
              aria-checked={true}
              data-css-1olif27=""
              role="radio"
              tabIndex="-1"
            >
              <div
                data-css-ppl1jg=""
              />
            </div>
          </div>
        </div>
        <input
          data-css-fplhjw=""
          name="disabled & error"
          onBlur={[Function]}
          onClick={null}
          onFocus={[Function]}
          readOnly={true}
          type="radio"
          value="green"
        />
        <div
          data-css-nrxvu5=""
        >
          Green
        </div>
      </label>
      <label
        data-css-kn3wr0=""
      >
        <div
          data-css-1lxv0yd=""
        >
          <div
            data-css-iwspcj=""
            data-css-j6capy=""
          >
            <div
              aria-checked={false}
              data-css-1wbxh41=""
              role="radio"
              tabIndex="-1"
            />
          </div>
        </div>
        <input
          data-css-fplhjw=""
          name="disabled & error"
          onBlur={[Function]}
          onClick={null}
          onFocus={[Function]}
          readOnly={true}
          type="radio"
          value="blue"
        />
        <div
          data-css-nrxvu5=""
        >
          Blue
        </div>
      </label>
    </div>
  </div>
</div>
`;

exports[`Storyshots Radio disabled 1`] = `
<div
  style={
    Object {
      "padding": "24px",
    }
  }
>
  <div
    data-css-sz0dtt=""
    role="radiogroup"
  >
    <div
      data-css-xp79s5=""
    >
      <label
        data-css-kn3wr0=""
      >
        <div
          data-css-1lxv0yd=""
        >
          <div
            data-css-iwspcj=""
            data-css-rbpa8o=""
          >
            <div
              aria-checked={false}
              data-css-1wbxh41=""
              role="radio"
              tabIndex="-1"
            />
          </div>
        </div>
        <input
          data-css-fplhjw=""
          name="disabled"
          onBlur={[Function]}
          onClick={null}
          onFocus={[Function]}
          readOnly={true}
          type="radio"
          value="red"
        />
        <div
          data-css-nrxvu5=""
        >
          Red
        </div>
      </label>
      <label
        data-css-kn3wr0=""
      >
        <div
          data-css-1lxv0yd=""
        >
          <div
            data-css-iwspcj=""
            data-css-rbpa8o=""
          >
            <div
              aria-checked={true}
              data-css-1olif27=""
              role="radio"
              tabIndex="-1"
            >
              <div
                data-css-ppl1jg=""
              />
            </div>
          </div>
        </div>
        <input
          data-css-fplhjw=""
          name="disabled"
          onBlur={[Function]}
          onClick={null}
          onFocus={[Function]}
          readOnly={true}
          type="radio"
          value="green"
        />
        <div
          data-css-nrxvu5=""
        >
          Green
        </div>
      </label>
      <label
        data-css-kn3wr0=""
      >
        <div
          data-css-1lxv0yd=""
        >
          <div
            data-css-iwspcj=""
            data-css-rbpa8o=""
          >
            <div
              aria-checked={false}
              data-css-1wbxh41=""
              role="radio"
              tabIndex="-1"
            />
          </div>
        </div>
        <input
          data-css-fplhjw=""
          name="disabled"
          onBlur={[Function]}
          onClick={null}
          onFocus={[Function]}
          readOnly={true}
          type="radio"
          value="blue"
        />
        <div
          data-css-nrxvu5=""
        >
          Blue
        </div>
      </label>
    </div>
  </div>
</div>
`;

exports[`Storyshots Radio error 1`] = `
<div
  style={
    Object {
      "padding": "24px",
    }
  }
>
  <div
    data-css-1a26704=""
    role="radiogroup"
  >
    <div
      data-css-xp79s5=""
    >
      <label
        data-css-kn3wr0=""
      >
        <div
          data-css-1lxv0yd=""
        >
          <div
            data-css-iwspcj=""
            data-css-mmyfiy=""
          >
            <div
              aria-checked={false}
              data-css-1wbxh41=""
              role="radio"
              tabIndex="-1"
            />
          </div>
        </div>
        <input
          data-css-fplhjw=""
          name="error"
          onBlur={[Function]}
          onClick={[Function]}
          onFocus={[Function]}
          readOnly={true}
          type="radio"
          value="red"
        />
        <div
          data-css-nrxvu5=""
        >
          Red
        </div>
      </label>
      <label
        data-css-kn3wr0=""
      >
        <div
          data-css-1lxv0yd=""
        >
          <div
            data-css-iwspcj=""
            data-css-mmyfiy=""
          >
            <div
              aria-checked={true}
              data-css-1olif27=""
              role="radio"
              tabIndex="-1"
            >
              <div
                data-css-ppl1jg=""
              />
            </div>
          </div>
        </div>
        <input
          data-css-fplhjw=""
          name="error"
          onBlur={[Function]}
          onClick={[Function]}
          onFocus={[Function]}
          readOnly={true}
          type="radio"
          value="green"
        />
        <div
          data-css-nrxvu5=""
        >
          Green
        </div>
      </label>
      <label
        data-css-kn3wr0=""
      >
        <div
          data-css-1lxv0yd=""
        >
          <div
            data-css-iwspcj=""
            data-css-mmyfiy=""
          >
            <div
              aria-checked={false}
              data-css-1wbxh41=""
              role="radio"
              tabIndex="-1"
            />
          </div>
        </div>
        <input
          data-css-fplhjw=""
          name="error"
          onBlur={[Function]}
          onClick={[Function]}
          onFocus={[Function]}
          readOnly={true}
          type="radio"
          value="blue"
        />
        <div
          data-css-nrxvu5=""
        >
          Blue
        </div>
      </label>
    </div>
  </div>
</div>
`;

exports[`Storyshots Radio labels 1`] = `
<div
  style={
    Object {
      "padding": "24px",
    }
  }
>
  <div
    data-css-1a26704=""
    role="radiogroup"
  >
    <div
      data-css-dysqqm=""
    >
      Colors
    </div>
    <div
      data-css-xp79s5=""
    >
      <label
        data-css-kn3wr0=""
      >
        <div
          data-css-1lxv0yd=""
        >
          <div
            data-css-1lu7sfl=""
            data-css-iwspcj=""
          >
            <div
              aria-checked={false}
              data-css-1wbxh41=""
              role="radio"
              tabIndex="-1"
            />
          </div>
        </div>
        <input
          data-css-fplhjw=""
          name="labels"
          onBlur={[Function]}
          onClick={[Function]}
          onFocus={[Function]}
          readOnly={true}
          type="radio"
          value="red"
        />
        <div
          data-css-nrxvu5=""
        >
          Red
        </div>
      </label>
      <label
        data-css-kn3wr0=""
      >
        <div
          data-css-1lxv0yd=""
        >
          <div
            data-css-1lu7sfl=""
            data-css-iwspcj=""
          >
            <div
              aria-checked={true}
              data-css-1olif27=""
              role="radio"
              tabIndex="-1"
            >
              <div
                data-css-ppl1jg=""
              />
            </div>
          </div>
        </div>
        <input
          data-css-fplhjw=""
          name="labels"
          onBlur={[Function]}
          onClick={[Function]}
          onFocus={[Function]}
          readOnly={true}
          type="radio"
          value="green"
        />
        <div
          data-css-nrxvu5=""
        >
          Green
        </div>
      </label>
      <label
        data-css-kn3wr0=""
      >
        <div
          data-css-1lxv0yd=""
        >
          <div
            data-css-1lu7sfl=""
            data-css-iwspcj=""
          >
            <div
              aria-checked={false}
              data-css-1wbxh41=""
              role="radio"
              tabIndex="-1"
            />
          </div>
        </div>
        <input
          data-css-fplhjw=""
          name="labels"
          onBlur={[Function]}
          onClick={[Function]}
          onFocus={[Function]}
          readOnly={true}
          type="radio"
          value="blue"
        />
        <div
          data-css-nrxvu5=""
        >
          Blue
        </div>
      </label>
    </div>
    <div
      data-css-6ga4kh=""
    >
      These colors are very primary
    </div>
  </div>
</div>
`;

exports[`Storyshots Radio one selected 1`] = `
<div
  style={
    Object {
      "padding": "24px",
    }
  }
>
  <div
    data-css-1a26704=""
    role="radiogroup"
  >
    <div
      data-css-xp79s5=""
    >
      <label
        data-css-kn3wr0=""
      >
        <div
          data-css-1lxv0yd=""
        >
          <div
            data-css-1lu7sfl=""
            data-css-iwspcj=""
          >
            <div
              aria-checked={false}
              data-css-1wbxh41=""
              role="radio"
              tabIndex="-1"
            />
          </div>
        </div>
        <input
          data-css-fplhjw=""
          name="one selected"
          onBlur={[Function]}
          onClick={[Function]}
          onFocus={[Function]}
          readOnly={true}
          type="radio"
          value="red"
        />
        <div
          data-css-nrxvu5=""
        >
          Red
        </div>
      </label>
      <label
        data-css-kn3wr0=""
      >
        <div
          data-css-1lxv0yd=""
        >
          <div
            data-css-1lu7sfl=""
            data-css-iwspcj=""
          >
            <div
              aria-checked={true}
              data-css-1olif27=""
              role="radio"
              tabIndex="-1"
            >
              <div
                data-css-ppl1jg=""
              />
            </div>
          </div>
        </div>
        <input
          data-css-fplhjw=""
          name="one selected"
          onBlur={[Function]}
          onClick={[Function]}
          onFocus={[Function]}
          readOnly={true}
          type="radio"
          value="green"
        />
        <div
          data-css-nrxvu5=""
        >
          Green
        </div>
      </label>
      <label
        data-css-kn3wr0=""
      >
        <div
          data-css-1lxv0yd=""
        >
          <div
            data-css-1lu7sfl=""
            data-css-iwspcj=""
          >
            <div
              aria-checked={false}
              data-css-1wbxh41=""
              role="radio"
              tabIndex="-1"
            />
          </div>
        </div>
        <input
          data-css-fplhjw=""
          name="one selected"
          onBlur={[Function]}
          onClick={[Function]}
          onFocus={[Function]}
          readOnly={true}
          type="radio"
          value="blue"
        />
        <div
          data-css-nrxvu5=""
        >
          Blue
        </div>
      </label>
    </div>
  </div>
</div>
`;
